{0: 'ReplicaExchange_SwapSuccessRatio', 1: 'ReplicaExchange_CurrentTemp', 2: 'score', 3: 'ReplicaExchange_MaxTempFrequency', 4: 'ReplicaExchange_MinTempFrequency', 'STAT2HEADER': 'STAT2HEADER', 'STAT2HEADER_IMP_VERSIONS': "{'PMI_VERSION': 'develop-5a48624', 'IMP_VERSION': 'develop-5a48624'}", 'STAT2HEADER_ENVIRON': "{'VERSIONER_PYTHON_PREFER_32_BIT': 'no', 'TERM_PROGRAM_VERSION': '343', 'LOGNAME': 'riccardopellarin', 'USER': 'riccardopellarin', 'IMP_BIN_DIR': '/Users/riccardopellarin/imp-project/imp-060516/imp-fast/bin', 'PATH': '/Users/riccardopellarin/imp-project/imp-060516/imp-fast/bin:/Users/riccardopellarin/imp-project/imp-060516/imp-fast/module_bin/algebra:/Users/riccardopellarin/imp-project/imp-060516/imp-fast/module_bin/atom:/Users/riccardopellarin/imp-project/imp-060516/imp-fast/module_bin/bayesianem:/Users/riccardopellarin/imp-project/imp-060516/imp-fast/module_bin/benchmark:/Users/riccardopellarin/imp-project/imp-060516/imp-fast/module_bin/cgal:/Users/riccardopellarin/imp-project/imp-060516/imp-fast/module_bin/container:/Users/riccardopellarin/imp-project/imp-060516/imp-fast/module_bin/core:/Users/riccardopellarin/imp-project/imp-060516/imp-fast/module_bin/crosslinkms:/Users/riccardopellarin/imp-project/imp-060516/imp-fast/module_bin/display:/Users/riccardopellarin/imp-project/imp-060516/imp-fast/module_bin/domino:/Users/riccardopellarin/imp-project/imp-060516/imp-fast/module_bin/em:/Users/riccardopellarin/imp-project/imp-060516/imp-fast/module_bin/evcov:/Users/riccardopellarin/imp-project/imp-060516/imp-fast/module_bin/example:/Users/riccardopellarin/imp-project/imp-060516/imp-fast/module_bin/foxs:/Users/riccardopellarin/imp-project/imp-060516/imp-fast/module_bin/gsl:/Users/riccardopellarin/imp-project/imp-060516/imp-fast/module_bin/isd:/Users/riccardopellarin/imp-project/imp-060516/imp-fast/module_bin/kernel:/Users/riccardopellarin/imp-project/imp-060516/imp-fast/module_bin/kinematics:/Users/riccardopellarin/imp-project/imp-060516/imp-fast/module_bin/kmeans:/Users/riccardopellarin/imp-project/imp-060516/imp-fast/module_bin/misc:/Users/riccardopellarin/imp-project/imp-060516/imp-fast/module_bin/modeller:/Users/riccardopellarin/imp-project/imp-060516/imp-fast/module_bin/mpi:/Users/riccardopellarin/imp-project/imp-060516/imp-fast/module_bin/multi_state:/Users/riccardopellarin/imp-project/imp-060516/imp-fast/module_bin/multifit:/Users/riccardopellarin/imp-project/imp-060516/imp-fast/module_bin/parallel:/Users/riccardopellarin/imp-project/imp-060516/imp-fast/module_bin/pepdock:/Users/riccardopellarin/imp-project/imp-060516/imp-fast/module_bin/pmi:/Users/riccardopellarin/imp-project/imp-060516/imp-fast/module_bin/rmf:/Users/riccardopellarin/imp-project/imp-060516/imp-fast/module_bin/rotamer:/Users/riccardopellarin/imp-project/imp-060516/imp-fast/module_bin/saxs:/Users/riccardopellarin/imp-project/imp-060516/imp-fast/module_bin/saxs_merge:/Users/riccardopellarin/imp-project/imp-060516/imp-fast/module_bin/score_functor:/Users/riccardopellarin/imp-project/imp-060516/imp-fast/module_bin/scratch:/Users/riccardopellarin/imp-project/imp-060516/imp-fast/module_bin/statistics:/Users/riccardopellarin/imp-project/imp-060516/imp-fast/module_bin/symmetry:/Users/riccardopellarin/imp-project/imp-060516/imp-fast/module_bin/test:/Users/riccardopellarin/imp-project/imp-060516/imp-fast/bin:/Users/riccardopellarin/imp-project/imp-060516/imp-fast/bin:/opt/local/bin:/opt/local/sbin:/sw/bin:/sw/lib:/opt/local/bin:/opt/local/sbin:/usr/local/bin:/usr/bin:/bin:/usr/sbin:/sbin:/opt/X11/bin:/usr/texbin', 'DISPLAY': '/private/tmp/com.apple.launchd.9fncad8m87/org.macosforge.xquartz:0', 'TERM_PROGRAM': 'Apple_Terminal', 'LANG': 'en_US.UTF-8', 'TERM': 'xterm-256color', 'Apple_PubSub_Socket_Render': '/private/tmp/com.apple.launchd.fXL7E2z1xM/Render', 'VERSIONER_PYTHON_VERSION': '2.7', 'SHLVL': '1', 'IMP_DATA': '/Users/riccardopellarin/imp-project/imp-060516/imp-fast/data', 'IMP_EXAMPLE_DATA': '/Users/riccardopellarin/imp-project/imp-060516/imp-fast/doc/examples', 'XPC_FLAGS': '0x0', 'IMP_TMP_DIR': '/Users/riccardopellarin/imp-project/imp-060516/imp-fast/tmp', 'HOME': '/Users/riccardopellarin', 'TERM_SESSION_ID': '391CE85B-5EAA-46F0-870F-01201B0D40A2', 'XPC_SERVICE_NAME': '0', 'PYTHONPATH': '/Users/riccardopellarin/imp-project/imp-060516/imp-fast/lib:/Users/riccardopellarin/imp-project/imp-060516/imp-fast/lib:', 'SSH_AUTH_SOCK': '/private/tmp/com.apple.launchd.2rQdentOmx/Listeners', 'DYLD_LIBRARY_PATH': '/Users/riccardopellarin/imp-project/imp-060516/imp-fast/lib:/Users/riccardopellarin/imp-project/imp-060516/imp-fast/lib:', 'SHELL': '/bin/bash', 'TMPDIR': '/var/folders/8x/b3_nk3_12858h5q_fcc3t3nm0000gn/T/', '__CF_USER_TEXT_ENCODING': '0x1F5:0x0:0x0', 'PWD': '/Users/riccardopellarin/imp-project/Complement/github/Complement/test'}"} 
{0: '0', 1: '1.0', 2: 1170.0270691557887, 3: '0', 4: '0'} 
