{0: 'CrossLinkingMassSpectrometryRestraint_Distance_|XL|47.1|alpha|1091|alpha|1149|0|Confident|', 1: 'ReplicaExchange_MinTempFrequency', 2: 'LinkerRestraint-alpha_1269_bead-alpha_1270_pdb_None', 3: 'LinkerRestraint-beta_78_bead-beta_79_bead_None', 4: 'MonteCarlo_Acceptance_Rigid_Bodies_SimplifiedModel_4', 5: 'MonteCarlo_Acceptance_Rigid_Bodies_SimplifiedModel_5', 6: 'MonteCarlo_Acceptance_Rigid_Bodies_SimplifiedModel_6', 7: 'LinkerRestraint-alpha_727_bead-alpha_728_bead_None', 8: 'MonteCarlo_Acceptance_Rigid_Bodies_SimplifiedModel_0', 9: 'MonteCarlo_Acceptance_Rigid_Bodies_SimplifiedModel_1', 10: 'MonteCarlo_Acceptance_Rigid_Bodies_SimplifiedModel_2', 11: 'MonteCarlo_Acceptance_Rigid_Bodies_SimplifiedModel_3', 12: 'CrossLinkingMassSpectrometryRestraint_Score_|XL|96.1|alpha|699|alpha|1409|0|Confident|', 13: 'CrossLinkingMassSpectrometryRestraint_Distance_|XL|64.1|beta|242|alpha|869|0|Confident|', 14: 'CrossLinkingMassSpectrometryRestraint_Score_|XL|34.1|alpha|656|alpha|720|0|Confident|', 15: 'rmf_file', 16: 'LinkerRestraint-alpha_1475_bead-alpha_1476_pdb_None', 17: 'LinkerRestraint-alpha_961_pdb-alpha_962_bead_None', 18: 'DistanceRestraint_None', 19: 'LinkerRestraint-beta_77_bead-beta_78_bead_None', 20: 'CrossLinkingMassSpectrometryRestraint_Distance_|XL|83.1|alpha|857|alpha|1501|0|Confident|', 21: 'CrossLinkingMassSpectrometryRestraint_Score_|XL|109.1|beta|396|beta|611|0|Questionable|', 22: 'MonteCarlo_Acceptance_Floppy_Bodies_SimplifiedModel_44', 23: 'CrossLinkingMassSpectrometryRestraint_Score_|XL|95.1|alpha|699|alpha|1359|0|Confident|', 24: 'MonteCarlo_Acceptance_Floppy_Bodies_SimplifiedModel_42', 25: 'MonteCarlo_Acceptance_Floppy_Bodies_SimplifiedModel_41', 26: 'MonteCarlo_Acceptance_Floppy_Bodies_SimplifiedModel_40', 27: 'CrossLinkingMassSpectrometryRestraint_Distance_|XL|41.1|alpha|699|alpha|1428|0|Confident|', 28: 'CrossLinkingMassSpectrometryRestraint_Score_|XL|45.1|alpha|1083|alpha|1149|0|Confident|', 29: 'CrossLinkingMassSpectrometryRestraint_Score_|XL|20.1|beta|267|alpha|1409|0|Confident|', 30: 'LinkerRestraint-alpha_1107_bead-alpha_1108_bead_None', 31: 'CrossLinkingMassSpectrometryRestraint_Score_|XL|33.1|alpha|650|alpha|727|0|Confident|', 32: 'CrossLinkingMassSpectrometryRestraint_Distance_|XL|42.1|alpha|720|alpha|727|0|Confident|', 33: 'CrossLinkingMassSpectrometryRestraint_Score_|XL|72.1|beta|343|beta|611|0|Confident|', 34: 'CrossLinkingMassSpectrometryRestraint_Distance_|XL|77.1|beta|562|alpha|757|0|Confident|', 35: 'CrossLinkingMassSpectrometryRestraint_Score_|XL|35.1|alpha|656|alpha|727|0|Confident|', 36: 'MonteCarlo_Acceptance_SR_Bodies_SimplifiedModel_54', 37: 'MonteCarlo_Acceptance_SR_Bodies_SimplifiedModel_57', 38: 'CrossLinkingMassSpectrometryRestraint_Psi_Questionable_XL', 39: 'MonteCarlo_Acceptance_SR_Bodies_SimplifiedModel_51', 40: 'MonteCarlo_Acceptance_SR_Bodies_SimplifiedModel_50', 41: 'MonteCarlo_Acceptance_SR_Bodies_SimplifiedModel_53', 42: 'MonteCarlo_Acceptance_SR_Bodies_SimplifiedModel_52', 43: 'MonteCarlo_Acceptance_SR_Bodies_SimplifiedModel_67', 44: 'MonteCarlo_Acceptance_SR_Bodies_SimplifiedModel_59', 45: 'MonteCarlo_Acceptance_SR_Bodies_SimplifiedModel_58', 46: 'CrossLinkingMassSpectrometryRestraint_Score_|XL|48.1|alpha|1146|alpha|1158|0|Confident|', 47: 'CrossLinkingMassSpectrometryRestraint_Score_|XL|93.1|alpha|666|alpha|1409|0|Confident|', 48: 'CrossLinkingMassSpectrometryRestraint_Score_|XL|30.1|beta|578|beta|588|0|Confident|', 49: 'CrossLinkingMassSpectrometryRestraint_Distance_|XL|52.1|beta|133|alpha|790|0|Confident|', 50: 'CrossLinkingMassSpectrometryRestraint_Distance_|XL|84.1|alpha|857|alpha|1504|0|Confident|', 51: 'CrossLinkingMassSpectrometryRestraint_Distance_|XL|72.1|beta|343|beta|611|0|Confident|', 52: 'CrossLinkingMassSpectrometryRestraint_PriorPsi_Score_XL', 53: 'CrossLinkingMassSpectrometryRestraint_Distance_|XL|87.1|alpha|908|alpha|1303|0|Confident|', 54: 'CrossLinkingMassSpectrometryRestraint_Score_|XL|68.1|beta|337|beta|534|0|Confident|', 55: 'CrossLinkingMassSpectrometryRestraint_Score_|XL|38.1|alpha|663|alpha|700|0|Confident|', 56: 'SimplifiedModel_Total_Score_None', 57: 'MonteCarlo_Acceptance_Nuisances_CrossLinkingMassSpectrometryRestraint_Sigma_SIGMA_XL_97', 58: 'CrossLinkingMassSpectrometryRestraint_Score_|XL|31.1|alpha|650|alpha|1353|0|Confident|', 59: 'CrossLinkingMassSpectrometryRestraint_Score_|XL|54.1|alpha|1351|alpha|1359|0|Confident|', 60: 'CrossLinkingMassSpectrometryRestraint_Score_|XL|77.1|beta|562|alpha|757|0|Confident|', 61: 'CrossLinkingMassSpectrometryRestraint_Score_|XL|88.1|alpha|908|alpha|1331|0|Confident|', 62: 'CrossLinkingMassSpectrometryRestraint_Score_|XL|56.1|alpha|1529|alpha|1577|0|Confident|', 63: 'CrossLinkingMassSpectrometryRestraint_Distance_|XL|30.1|beta|578|beta|588|0|Confident|', 64: 'CrossLinkingMassSpectrometryRestraint_Distance_|XL|98.1|alpha|720|alpha|839|0|Confident|', 65: 'CrossLinkingMassSpectrometryRestraint_Score_|XL|67.1|beta|331|beta|600|0|Confident|', 66: 'CrossLinkingMassSpectrometryRestraint_Distance_|XL|75.1|beta|44|beta|75|0|Confident|', 67: 'MonteCarlo_Acceptance_Floppy_Bodies_SimplifiedModel_21', 68: 'MonteCarlo_Acceptance_Floppy_Bodies_SimplifiedModel_20', 69: 'MonteCarlo_Acceptance_Floppy_Bodies_SimplifiedModel_23', 70: 'MonteCarlo_Acceptance_Floppy_Bodies_SimplifiedModel_22', 71: 'MonteCarlo_Acceptance_Floppy_Bodies_SimplifiedModel_25', 72: 'MonteCarlo_Acceptance_Floppy_Bodies_SimplifiedModel_24', 73: 'MonteCarlo_Acceptance_Floppy_Bodies_SimplifiedModel_27', 74: 'MonteCarlo_Acceptance_Floppy_Bodies_SimplifiedModel_26', 75: 'MonteCarlo_Acceptance_Floppy_Bodies_SimplifiedModel_29', 76: 'MonteCarlo_Acceptance_Floppy_Bodies_SimplifiedModel_28', 77: 'CrossLinkingMassSpectrometryRestraint_Score_|XL|23.1|beta|44|alpha|1028|0|Confident|', 78: 'CrossLinkingMassSpectrometryRestraint_Distance_|XL|85.1|alpha|857|alpha|1513|0|Confident|', 79: 'LinkerRestraint-alpha_1106_pdb-alpha_1107_bead_None', 80: 'CrossLinkingMassSpectrometryRestraint_Score_|XL|71.1|beta|343|beta|406|0|Confident|', 81: 'CrossLinkingMassSpectrometryRestraint_Score_|XL|66.1|beta|267|beta|283|0|Confident|', 82: 'LinkerRestraint-alpha_723_bead-alpha_724_bead_None', 83: 'CrossLinkingMassSpectrometryRestraint_Sigma_SIGMA_XL', 84: 'CrossLinkingMassSpectrometryRestraint_Score_|XL|92.1|alpha|650|alpha|839|0|Confident|', 85: 'MonteCarlo_Acceptance_SR_Bodies_SimplifiedModel_79', 86: 'MonteCarlo_Acceptance_SR_Bodies_SimplifiedModel_78', 87: 'MonteCarlo_Acceptance_SR_Bodies_SimplifiedModel_77', 88: 'MonteCarlo_Acceptance_SR_Bodies_SimplifiedModel_76', 89: 'MonteCarlo_Acceptance_SR_Bodies_SimplifiedModel_75', 90: 'MonteCarlo_Acceptance_SR_Bodies_SimplifiedModel_74', 91: 'MonteCarlo_Acceptance_SR_Bodies_SimplifiedModel_73', 92: 'MonteCarlo_Acceptance_SR_Bodies_SimplifiedModel_72', 93: 'MonteCarlo_Acceptance_SR_Bodies_SimplifiedModel_71', 94: 'MonteCarlo_Acceptance_SR_Bodies_SimplifiedModel_70', 95: 'CrossLinkingMassSpectrometryRestraint_Distance_|XL|82.1|alpha|839|alpha|895|0|Confident|', 96: 'CrossLinkingMassSpectrometryRestraint_Distance_|XL|60.1|beta|19|beta|133|0|Confident|', 97: 'CrossLinkingMassSpectrometryRestraint_Distance_|XL|39.1|alpha|664|alpha|699|0|Confident|', 98: 'LinkerRestraint-alpha_1268_bead-alpha_1269_bead_None', 99: 'MonteCarlo_Acceptance_Floppy_Bodies_SimplifiedModel_8', 100: 'MonteCarlo_Acceptance_Floppy_Bodies_SimplifiedModel_9', 101: 'CrossLinkingMassSpectrometryRestraint_Distance_|XL|20.1|beta|267|alpha|1409|0|Confident|', 102: 'CrossLinkingMassSpectrometryRestraint_Distance_|XL|35.1|alpha|656|alpha|727|0|Confident|', 103: 'MonteCarlo_Acceptance_Floppy_Bodies_SimplifiedModel_7', 104: 'CrossLinkingMassSpectrometryRestraint_Distance_|XL|93.1|alpha|666|alpha|1409|0|Confident|', 105: 'LinkerRestraint-alpha_1111_bead-alpha_1112_bead_None', 106: 'CrossLinkingMassSpectrometryRestraint_Distance_|XL|89.1|alpha|937|alpha|1284|0|Confident|', 107: 'CrossLinkingMassSpectrometryRestraint_Distance_|XL|57.1|alpha|1577|alpha|1593|0|Confident|', 108: 'CrossLinkingMassSpectrometryRestraint_Distance_|XL|53.1|beta|133|alpha|791|0|Confident|', 109: 'LinkerRestraint-beta_643_pdb-beta_644_bead_None', 110: 'LinkerRestraint-alpha_728_bead-alpha_729_pdb_None', 111: 'CrossLinkingMassSpectrometryRestraint_Score_|XL|74.1|beta|396|beta|609|0|Confident|', 112: 'MonteCarlo_Acceptance_SR_Bodies_SimplifiedModel_91', 113: 'MonteCarlo_Acceptance_SR_Bodies_SimplifiedModel_90', 114: 'MonteCarlo_Acceptance_SR_Bodies_SimplifiedModel_93', 115: 'MonteCarlo_Acceptance_SR_Bodies_SimplifiedModel_92', 116: 'MonteCarlo_Acceptance_SR_Bodies_SimplifiedModel_94', 117: 'LinkerRestraint-alpha_724_bead-alpha_725_bead_None', 118: 'CrossLinkingMassSpectrometryRestraint_Distance_|XL|71.1|beta|343|beta|406|0|Confident|', 119: 'MonteCarlo_StepSize_Nuisances_CrossLinkingMassSpectrometryRestraint_Psi_Questionable_XL_96', 120: 'CrossLinkingMassSpectrometryRestraint_Distance_|XL|61.1|beta|219|beta|406|0|Confident|', 121: 'CrossLinkingMassSpectrometryRestraint_Distance_|XL|51.1|alpha|1311|alpha|1319|0|Confident|', 122: 'CrossLinkingMassSpectrometryRestraint_Score_|XL|42.1|alpha|720|alpha|727|0|Confident|', 123: 'CrossLinkingMassSpectrometryRestraint_Distance_|XL|32.1|alpha|650|alpha|720|0|Confident|', 124: 'SimplifiedModel_Linker_Score_None', 125: 'MonteCarlo_Temperature', 126: 'CrossLinkingMassSpectrometryRestraint_Score_|XL|76.1|beta|544|beta|562|0|Confident|', 127: 'MonteCarlo_Acceptance_SR_Bodies_SimplifiedModel_49', 128: 'CrossLinkingMassSpectrometryRestraint_Distance_|XL|34.1|alpha|656|alpha|720|0|Confident|', 129: 'CrossLinkingMassSpectrometryRestraint_Score_|XL|89.1|alpha|937|alpha|1284|0|Confident|', 130: 'SimplifiedModel_Link_SortedSegments_alpha_None', 131: 'CrossLinkingMassSpectrometryRestraint_Distance_|XL|65.1|beta|242|alpha|873|0|Confident|', 132: 'CrossLinkingMassSpectrometryRestraint_Distance_|XL|43.1|beta|82|beta|600|0|Confident|', 133: 'LinkerRestraint-alpha_1474_bead-alpha_1475_bead_None', 134: 'CrossLinkingMassSpectrometryRestraint_Distance_|XL|94.1|alpha|684|alpha|839|0|Confident|', 135: 'LinkerRestraint-alpha_650_bead-alpha_651_pdb_None', 136: 'MonteCarlo_Acceptance_Floppy_Bodies_SimplifiedModel_43', 137: 'CrossLinkingMassSpectrometryRestraint_Score_|XL|94.1|alpha|684|alpha|839|0|Confident|', 138: 'CrossLinkingMassSpectrometryRestraint_Distance_|XL|67.1|beta|331|beta|600|0|Confident|', 139: 'CrossLinkingMassSpectrometryRestraint_Distance_|XL|107.1|beta|265|beta|283|0|Questionable|', 140: 'CrossLinkingMassSpectrometryRestraint_Distance_|XL|28.1|alpha|839|alpha|1359|0|Confident|', 141: 'CrossLinkingMassSpectrometryRestraint_Distance_|XL|36.1|alpha|660|alpha|699|0|Confident|', 142: 'CrossLinkingMassSpectrometryRestraint_Score_|XL|55.1|alpha|1504|alpha|1513|0|Confident|', 143: 'CrossLinkingMassSpectrometryRestraint_Distance_|XL|24.1|beta|44|alpha|1181|0|Confident|', 144: 'CrossLinkingMassSpectrometryRestraint_Distance_|XL|17.1|alpha|1019|alpha|1029|0|Confident|', 145: 'LinkerRestraint-alpha_1331_bead-alpha_1332_pdb_None', 146: 'CrossLinkingMassSpectrometryRestraint_Distance_|XL|38.1|alpha|663|alpha|700|0|Confident|', 147: 'LinkerRestraint-alpha_726_bead-alpha_727_bead_None', 148: 'SimplifiedModel_Link_UnmodeledRegions_beta_None', 149: 'CrossLinkingMassSpectrometryRestraint_Score_|XL|64.1|beta|242|alpha|869|0|Confident|', 150: 'CrossLinkingMassSpectrometryRestraint_Distance_|XL|73.1|beta|363|beta|406|0|Confident|', 151: 'CrossLinkingMassSpectrometryRestraint_Linear_Score_XL', 152: 'Stopwatch_None_delta_seconds', 153: 'MonteCarlo_StepSize_Nuisances_CrossLinkingMassSpectrometryRestraint_Sigma_SIGMA_XL_97', 154: 'CrossLinkingMassSpectrometryRestraint_Distance_|XL|59.1|beta|183|beta|593|0|Confident|', 155: 'CrossLinkingMassSpectrometryRestraint_Score_|XL|60.1|beta|19|beta|133|0|Confident|', 156: 'CrossLinkingMassSpectrometryRestraint_Distance_|XL|26.1|alpha|727|alpha|1567|0|Confident|', 157: 'CrossLinkingMassSpectrometryRestraint_Score_|XL|46.1|alpha|1091|alpha|1117|0|Confident|', 158: 'CrossLinkingMassSpectrometryRestraint_Distance_|XL|54.1|alpha|1351|alpha|1359|0|Confident|', 159: 'LinkerRestraint-alpha_722_bead-alpha_723_bead_None', 160: 'ReplicaExchange_SwapSuccessRatio', 161: 'CrossLinkingMassSpectrometryRestraint_Distance_|XL|29.1|alpha|857|alpha|1475|0|Confident|', 162: 'LinkerRestraint-beta_644_bead-beta_645_bead_None', 163: 'CrossLinkingMassSpectrometryRestraint_Score_|XL|80.1|beta|586|beta|593|0|Confident|', 164: 'LinkerRestraint-alpha_1330_bead-alpha_1331_bead_None', 165: 'CrossLinkingMassSpectrometryRestraint_Distance_|XL|78.1|beta|562|alpha|761|0|Confident|', 166: 'CrossLinkingMassSpectrometryRestraint_Distance_|XL|44.1|beta|1|beta|464|0|Confident|', 167: 'CrossLinkingMassSpectrometryRestraint_Distance_|XL|63.1|beta|241|alpha|869|0|Confident|', 168: 'CrossLinkingMassSpectrometryRestraint_Score_|XL|78.1|beta|562|alpha|761|0|Confident|', 169: 'CrossLinkingMassSpectrometryRestraint_Distance_|XL|21.1|beta|43|alpha|1028|0|Confident|', 170: 'CrossLinkingMassSpectrometryRestraint_Score_|XL|69.1|beta|337|beta|600|0|Confident|', 171: 'CrossLinkingMassSpectrometryRestraint_Distance_|XL|23.1|beta|44|alpha|1028|0|Confident|', 172: 'rmf_frame_index', 173: 'CrossLinkingMassSpectrometryRestraint_Score_|XL|17.1|alpha|1019|alpha|1029|0|Confident|', 174: 'LinkerRestraint-alpha_745_pdb-alpha_746_pdb_None', 175: 'CrossLinkingMassSpectrometryRestraint_Distance_|XL|62.1|beta|219|beta|585|0|Confident|', 176: 'CrossLinkingMassSpectrometryRestraint_Distance_|XL|95.1|alpha|699|alpha|1359|0|Confident|', 177: 'CrossLinkingMassSpectrometryRestraint_Score_|XL|65.1|beta|242|alpha|873|0|Confident|', 178: 'CrossLinkingMassSpectrometryRestraint_Psi_Confident_XL', 179: 'LinkerRestraint-alpha_1108_bead-alpha_1109_bead_None', 180: 'CrossLinkingMassSpectrometryRestraint_Score_|XL|44.1|beta|1|beta|464|0|Confident|', 181: 'MonteCarlo_Acceptance_SR_Bodies_SimplifiedModel_46', 182: 'MonteCarlo_Acceptance_SR_Bodies_SimplifiedModel_47', 183: 'MonteCarlo_Acceptance_SR_Bodies_SimplifiedModel_45', 184: 'LinkerRestraint-alpha_962_bead-alpha_963_bead_None', 185: 'CrossLinkingMassSpectrometryRestraint_Score_|XL|62.1|beta|219|beta|585|0|Confident|', 186: 'CrossLinkingMassSpectrometryRestraint_Score_|XL|82.1|alpha|839|alpha|895|0|Confident|', 187: 'CrossLinkingMassSpectrometryRestraint_Score_|XL|41.1|alpha|699|alpha|1428|0|Confident|', 188: 'CrossLinkingMassSpectrometryRestraint_Score_|XL|39.1|alpha|664|alpha|699|0|Confident|', 189: 'CrossLinkingMassSpectrometryRestraint_Score_|XL|58.1|beta|16|beta|133|0|Confident|', 190: 'CrossLinkingMassSpectrometryRestraint_Score_|XL|26.1|alpha|727|alpha|1567|0|Confident|', 191: 'LinkerRestraint-alpha_910_pdb-alpha_911_bead_None', 192: 'CrossLinkingMassSpectrometryRestraint_Score_|XL|28.1|alpha|839|alpha|1359|0|Confident|', 193: 'CrossLinkingMassSpectrometryRestraint_Score_|XL|24.1|beta|44|alpha|1181|0|Confident|', 194: 'CrossLinkingMassSpectrometryRestraint_Distance_|XL|76.1|beta|544|beta|562|0|Confident|', 195: 'CrossLinkingMassSpectrometryRestraint_Score_|XL|53.1|beta|133|alpha|791|0|Confident|', 196: 'CrossLinkingMassSpectrometryRestraint_Score_|XL|19.1|alpha|1475|alpha|1567|0|Confident|', 197: 'MonteCarlo_Acceptance_SR_Bodies_SimplifiedModel_81', 198: 'MonteCarlo_Acceptance_SR_Bodies_SimplifiedModel_86', 199: 'CrossLinkingMassSpectrometryRestraint_Score_|XL|84.1|alpha|857|alpha|1504|0|Confident|', 200: 'MonteCarlo_Acceptance_Floppy_Bodies_SimplifiedModel_32', 201: 'MonteCarlo_Acceptance_Floppy_Bodies_SimplifiedModel_33', 202: 'MonteCarlo_Acceptance_Floppy_Bodies_SimplifiedModel_30', 203: 'MonteCarlo_Acceptance_Floppy_Bodies_SimplifiedModel_31', 204: 'MonteCarlo_Acceptance_Floppy_Bodies_SimplifiedModel_36', 205: 'SimplifiedModel_Link_SortedSegments_beta_None', 206: 'MonteCarlo_Acceptance_Floppy_Bodies_SimplifiedModel_34', 207: 'MonteCarlo_Acceptance_Floppy_Bodies_SimplifiedModel_35', 208: 'CrossLinkingMassSpectrometryRestraint_Score_|XL|37.1|alpha|660|alpha|700|0|Confident|', 209: 'MonteCarlo_Acceptance_Floppy_Bodies_SimplifiedModel_38', 210: 'MonteCarlo_Acceptance_Floppy_Bodies_SimplifiedModel_39', 211: 'CrossLinkingMassSpectrometryRestraint_Distance_|XL|68.1|beta|337|beta|534|0|Confident|', 212: 'CrossLinkingMassSpectrometryRestraint_Distance_|XL|40.1|alpha|666|alpha|670|0|Confident|', 213: 'LinkerRestraint-alpha_720_bead-alpha_721_bead_None', 214: 'LinkerRestraint-alpha_1112_bead-alpha_1113_pdb_None', 215: 'ExcludedVolumeSphere_None', 216: 'LinkerRestraint-beta_291_bead-beta_292_pdb_None', 217: 'CrossLinkingMassSpectrometryRestraint_Score_|XL|27.1|alpha|727|alpha|839|0|Confident|', 218: 'CrossLinkingMassSpectrometryRestraint_Score_|XL|85.1|alpha|857|alpha|1513|0|Confident|', 219: 'MonteCarlo_Acceptance_SR_Bodies_SimplifiedModel_55', 220: 'CrossLinkingMassSpectrometryRestraint_Distance_|XL|31.1|alpha|650|alpha|1353|0|Confident|', 221: 'CrossLinkingMassSpectrometryRestraint_Distance_|XL|79.1|beta|585|beta|593|0|Confident|', 222: 'CrossLinkingMassSpectrometryRestraint_Score_|XL|32.1|alpha|650|alpha|720|0|Confident|', 223: 'CrossLinkingMassSpectrometryRestraint_Distance_|XL|88.1|alpha|908|alpha|1331|0|Confident|', 224: 'CrossLinkingMassSpectrometryRestraint_Distance_|XL|46.1|alpha|1091|alpha|1117|0|Confident|', 225: 'MonteCarlo_Acceptance_SR_Bodies_SimplifiedModel_68', 226: 'MonteCarlo_Acceptance_SR_Bodies_SimplifiedModel_69', 227: 'CrossLinkingMassSpectrometryRestraint_Distance_|XL|109.1|beta|396|beta|611|0|Questionable|', 228: 'CrossLinkingMassSpectrometryRestraint_Score_|XL|70.1|beta|340|beta|611|0|Confident|', 229: 'MonteCarlo_Acceptance_SR_Bodies_SimplifiedModel_60', 230: 'MonteCarlo_Acceptance_SR_Bodies_SimplifiedModel_61', 231: 'MonteCarlo_Acceptance_SR_Bodies_SimplifiedModel_62', 232: 'MonteCarlo_Acceptance_SR_Bodies_SimplifiedModel_63', 233: 'MonteCarlo_Acceptance_SR_Bodies_SimplifiedModel_64', 234: 'MonteCarlo_Acceptance_SR_Bodies_SimplifiedModel_65', 235: 'MonteCarlo_Acceptance_SR_Bodies_SimplifiedModel_66', 236: 'MonteCarlo_Acceptance_Nuisances_CrossLinkingMassSpectrometryRestraint_Psi_Questionable_XL_96', 237: 'LinkerRestraint-alpha_911_bead-alpha_912_bead_None', 238: 'CrossLinkingMassSpectrometryRestraint_Distance_|XL|80.1|beta|586|beta|593|0|Confident|', 239: 'CrossLinkingMassSpectrometryRestraint_Score_|XL|29.1|alpha|857|alpha|1475|0|Confident|', 240: 'CrossLinkingMassSpectrometryRestraint_Score_|XL|18.1|alpha|1346|alpha|1440|0|Confident|', 241: 'CrossLinkingMassSpectrometryRestraint_Distance_|XL|49.1|alpha|1181|alpha|1222|0|Confident|', 242: 'CrossLinkingMassSpectrometryRestraint_Distance_|XL|69.1|beta|337|beta|600|0|Confident|', 243: 'CrossLinkingMassSpectrometryRestraint_Distance_|XL|74.1|beta|396|beta|609|0|Confident|', 244: 'CrossLinkingMassSpectrometryRestraint_Score_|XL|98.1|alpha|720|alpha|839|0|Confident|', 245: 'CrossLinkingMassSpectrometryRestraint_Distance_|XL|22.1|beta|44|alpha|1019|0|Confident|', 246: 'CrossLinkingMassSpectrometryRestraint_Distance_|XL|91.1|beta|44|alpha|1049|0|Confident|', 247: 'CrossLinkingMassSpectrometryRestraint_Score_|XL|43.1|beta|82|beta|600|0|Confident|', 248: 'CrossLinkingMassSpectrometryRestraint_Score_|XL|40.1|alpha|666|alpha|670|0|Confident|', 249: 'CrossLinkingMassSpectrometryRestraint_Distance_|XL|25.1|beta|44|alpha|1195|0|Confident|', 250: 'LinkerRestraint-beta_76_bead-beta_77_bead_None', 251: 'CrossLinkingMassSpectrometryRestraint_Distance_|XL|90.1|beta|241|alpha|670|0|Confident|', 252: 'CrossLinkingMassSpectrometryRestraint_Distance_|XL|27.1|alpha|727|alpha|839|0|Confident|', 253: 'LinkerRestraint-alpha_912_bead-alpha_913_pdb_None', 254: 'MonteCarlo_Acceptance_Floppy_Bodies_SimplifiedModel_18', 255: 'MonteCarlo_Acceptance_Floppy_Bodies_SimplifiedModel_19', 256: 'CrossLinkingMassSpectrometryRestraint_Score_|XL|25.1|beta|44|alpha|1195|0|Confident|', 257: 'MonteCarlo_Acceptance_Floppy_Bodies_SimplifiedModel_14', 258: 'MonteCarlo_Acceptance_Floppy_Bodies_SimplifiedModel_15', 259: 'MonteCarlo_Acceptance_Floppy_Bodies_SimplifiedModel_16', 260: 'MonteCarlo_Acceptance_Floppy_Bodies_SimplifiedModel_17', 261: 'MonteCarlo_Acceptance_Floppy_Bodies_SimplifiedModel_10', 262: 'MonteCarlo_Acceptance_Floppy_Bodies_SimplifiedModel_11', 263: 'MonteCarlo_Acceptance_Floppy_Bodies_SimplifiedModel_12', 264: 'MonteCarlo_Acceptance_Floppy_Bodies_SimplifiedModel_13', 265: 'MonteCarlo_Acceptance_SR_Bodies_SimplifiedModel_82', 266: 'MonteCarlo_Acceptance_SR_Bodies_SimplifiedModel_83', 267: 'MonteCarlo_Acceptance_SR_Bodies_SimplifiedModel_80', 268: 'CrossLinkingMassSpectrometryRestraint_Score_|XL|90.1|beta|241|alpha|670|0|Confident|', 269: 'LinkerRestraint-alpha_806_bead-alpha_807_pdb_None', 270: 'MonteCarlo_Acceptance_SR_Bodies_SimplifiedModel_87', 271: 'MonteCarlo_Acceptance_SR_Bodies_SimplifiedModel_84', 272: 'MonteCarlo_Acceptance_SR_Bodies_SimplifiedModel_85', 273: 'MonteCarlo_Acceptance_SR_Bodies_SimplifiedModel_88', 274: 'MonteCarlo_Acceptance_SR_Bodies_SimplifiedModel_89', 275: 'CrossLinkingMassSpectrometryRestraint_Distance_|XL|86.1|alpha|857|alpha|1567|0|Confident|', 276: 'MonteCarlo_Acceptance_Floppy_Bodies_SimplifiedModel_37', 277: 'CrossLinkingMassSpectrometryRestraint_Distance_|XL|56.1|alpha|1529|alpha|1577|0|Confident|', 278: 'LinkerRestraint-beta_74_bead-beta_75_bead_None', 279: 'CrossLinkingMassSpectrometryRestraint_Distance_|XL|81.1|beta|586|beta|600|0|Confident|', 280: 'LinkerRestraint-alpha_719_pdb-alpha_720_bead_None', 281: 'LinkerRestraint-alpha_1329_pdb-alpha_1330_bead_None', 282: 'CrossLinkingMassSpectrometryRestraint_Distance_|XL|92.1|alpha|650|alpha|839|0|Confident|', 283: 'CrossLinkingMassSpectrometryRestraint_Distance_|XL|19.1|alpha|1475|alpha|1567|0|Confident|', 284: 'LinkerRestraint-alpha_805_bead-alpha_806_bead_None', 285: 'CrossLinkingMassSpectrometryRestraint_Distance_|XL|58.1|beta|16|beta|133|0|Confident|', 286: 'CrossLinkingMassSpectrometryRestraint_Distance_|XL|66.1|beta|267|beta|283|0|Confident|', 287: 'CrossLinkingMassSpectrometryRestraint_Distance_|XL|55.1|alpha|1504|alpha|1513|0|Confident|', 288: 'ReplicaExchange_MaxTempFrequency', 289: 'CrossLinkingMassSpectrometryRestraint_Score_|XL|107.1|beta|265|beta|283|0|Questionable|', 290: 'LinkerRestraint-beta_289_pdb-beta_290_bead_None', 291: 'CrossLinkingMassSpectrometryRestraint_Score_|XL|83.1|alpha|857|alpha|1501|0|Confident|', 292: 'CrossLinkingMassSpectrometryRestraint_Score_|XL|61.1|beta|219|beta|406|0|Confident|', 293: 'LinkerRestraint-beta_75_bead-beta_76_bead_None', 294: 'CrossLinkingMassSpectrometryRestraint_Distance_|XL|18.1|alpha|1346|alpha|1440|0|Confident|', 295: 'CrossLinkingMassSpectrometryRestraint_Score_|XL|49.1|alpha|1181|alpha|1222|0|Confident|', 296: 'MonteCarlo_Nframe', 297: 'CrossLinkingMassSpectrometryRestraint_Score_|XL|21.1|beta|43|alpha|1028|0|Confident|', 298: 'CrossLinkingMassSpectrometryRestraint_Score_|XL|47.1|alpha|1091|alpha|1149|0|Confident|', 299: 'LinkerRestraint-alpha_721_bead-alpha_722_bead_None', 300: 'CrossLinkingMassSpectrometryRestraint_Score_|XL|57.1|alpha|1577|alpha|1593|0|Confident|', 301: 'SimplifiedModel_Link_UnmodeledRegions_alpha_None', 302: 'LinkerRestraint-alpha_725_bead-alpha_726_bead_None', 303: 'CrossLinkingMassSpectrometryRestraint_Distance_|XL|97.1|alpha|700|alpha|1409|0|Confident|', 304: 'LinkerRestraint-alpha_1110_bead-alpha_1111_bead_None', 305: 'CrossLinkingMassSpectrometryRestraint_Data_Score_XL', 306: 'ReplicaExchange_CurrentTemp', 307: 'CrossLinkingMassSpectrometryRestraint_Distance_|XL|33.1|alpha|650|alpha|727|0|Confident|', 308: 'CrossLinkingMassSpectrometryRestraint_Score_|XL|59.1|beta|183|beta|593|0|Confident|', 309: 'CrossLinkingMassSpectrometryRestraint_Distance_|XL|106.1|beta|227|beta|267|0|Questionable|', 310: 'CrossLinkingMassSpectrometryRestraint_Distance_|XL|37.1|alpha|660|alpha|700|0|Confident|', 311: 'CrossLinkingMassSpectrometryRestraint_Score_|XL|81.1|beta|586|beta|600|0|Confident|', 312: 'CrossLinkingMassSpectrometryRestraint_Score_|XL|22.1|beta|44|alpha|1019|0|Confident|', 313: 'MonteCarlo_Acceptance_SR_Bodies_SimplifiedModel_48', 314: 'CrossLinkingMassSpectrometryRestraint_Distance_|XL|50.1|alpha|1284|alpha|1303|0|Confident|', 315: 'CrossLinkingMassSpectrometryRestraint_Score_|XL|52.1|beta|133|alpha|790|0|Confident|', 316: 'CrossLinkingMassSpectrometryRestraint_Score_|XL|97.1|alpha|700|alpha|1409|0|Confident|', 317: 'CrossLinkingMassSpectrometryRestraint_Score_|XL|51.1|alpha|1311|alpha|1319|0|Confident|', 318: 'LinkerRestraint-alpha_1109_bead-alpha_1110_bead_None', 319: 'LinkerRestraint-alpha_804_pdb-alpha_805_bead_None', 320: 'CrossLinkingMassSpectrometryRestraint_Score_|XL|36.1|alpha|660|alpha|699|0|Confident|', 321: 'CrossLinkingMassSpectrometryRestraint_Distance_|XL|96.1|alpha|699|alpha|1409|0|Confident|', 322: 'LinkerRestraint-alpha_963_bead-alpha_964_pdb_None', 323: 'CrossLinkingMassSpectrometryRestraint_Distance_|XL|70.1|beta|340|beta|611|0|Confident|', 324: 'MonteCarlo_StepSize_Nuisances_CrossLinkingMassSpectrometryRestraint_Psi_Confident_XL_95', 325: 'CrossLinkingMassSpectrometryRestraint_Score_|XL|87.1|alpha|908|alpha|1303|0|Confident|', 326: 'CrossLinkingMassSpectrometryRestraint_Score_|XL|73.1|beta|363|beta|406|0|Confident|', 327: 'CrossLinkingMassSpectrometryRestraint_PriorSig_Score_XL', 328: 'LinkerRestraint-beta_79_bead-beta_80_pdb_None', 329: 'CrossLinkingMassSpectrometryRestraint_Score_|XL|79.1|beta|585|beta|593|0|Confident|', 330: 'LinkerRestraint-alpha_1267_pdb-alpha_1268_bead_None', 331: 'LinkerRestraint-beta_290_bead-beta_291_bead_None', 332: 'LinkerRestraint-alpha_1473_pdb-alpha_1474_bead_None', 333: 'CrossLinkingMassSpectrometryRestraint_Distance_|XL|48.1|alpha|1146|alpha|1158|0|Confident|', 334: 'LinkerRestraint-beta_73_pdb-beta_74_bead_None', 335: 'MonteCarlo_Acceptance_SR_Bodies_SimplifiedModel_56', 336: 'CrossLinkingMassSpectrometryRestraint_Score_|XL|63.1|beta|241|alpha|869|0|Confident|', 337: 'CrossLinkingMassSpectrometryRestraint_Score_|XL|75.1|beta|44|beta|75|0|Confident|', 338: 'MonteCarlo_Acceptance_Nuisances_CrossLinkingMassSpectrometryRestraint_Psi_Confident_XL_95', 339: 'CrossLinkingMassSpectrometryRestraint_Score_|XL|50.1|alpha|1284|alpha|1303|0|Confident|', 340: 'CrossLinkingMassSpectrometryRestraint_Distance_|XL|45.1|alpha|1083|alpha|1149|0|Confident|', 341: 'CrossLinkingMassSpectrometryRestraint_Score_|XL|86.1|alpha|857|alpha|1567|0|Confident|', 342: 'CrossLinkingMassSpectrometryRestraint_Score_|XL|91.1|beta|44|alpha|1049|0|Confident|', 343: 'CrossLinkingMassSpectrometryRestraint_Score_|XL|106.1|beta|227|beta|267|0|Questionable|', 'STAT2HEADER_IMP_VERSIONS': "{'PMI_VERSION': 'develop-5a48624', 'IMP_VERSION': 'develop-5a48624'}", 'STAT2HEADER': 'STAT2HEADER', 'STAT2HEADER_ENVIRON': "{'VERSIONER_PYTHON_PREFER_32_BIT': 'no', 'TERM_PROGRAM_VERSION': '343', 'LOGNAME': 'riccardopellarin', 'USER': 'riccardopellarin', 'IMP_BIN_DIR': '/Users/riccardopellarin/imp-project/imp-060516/imp-fast/bin', 'PATH': '/Users/riccardopellarin/imp-project/imp-060516/imp-fast/bin:/Users/riccardopellarin/imp-project/imp-060516/imp-fast/module_bin/algebra:/Users/riccardopellarin/imp-project/imp-060516/imp-fast/module_bin/atom:/Users/riccardopellarin/imp-project/imp-060516/imp-fast/module_bin/bayesianem:/Users/riccardopellarin/imp-project/imp-060516/imp-fast/module_bin/benchmark:/Users/riccardopellarin/imp-project/imp-060516/imp-fast/module_bin/cgal:/Users/riccardopellarin/imp-project/imp-060516/imp-fast/module_bin/container:/Users/riccardopellarin/imp-project/imp-060516/imp-fast/module_bin/core:/Users/riccardopellarin/imp-project/imp-060516/imp-fast/module_bin/crosslinkms:/Users/riccardopellarin/imp-project/imp-060516/imp-fast/module_bin/display:/Users/riccardopellarin/imp-project/imp-060516/imp-fast/module_bin/domino:/Users/riccardopellarin/imp-project/imp-060516/imp-fast/module_bin/em:/Users/riccardopellarin/imp-project/imp-060516/imp-fast/module_bin/evcov:/Users/riccardopellarin/imp-project/imp-060516/imp-fast/module_bin/example:/Users/riccardopellarin/imp-project/imp-060516/imp-fast/module_bin/foxs:/Users/riccardopellarin/imp-project/imp-060516/imp-fast/module_bin/gsl:/Users/riccardopellarin/imp-project/imp-060516/imp-fast/module_bin/isd:/Users/riccardopellarin/imp-project/imp-060516/imp-fast/module_bin/kernel:/Users/riccardopellarin/imp-project/imp-060516/imp-fast/module_bin/kinematics:/Users/riccardopellarin/imp-project/imp-060516/imp-fast/module_bin/kmeans:/Users/riccardopellarin/imp-project/imp-060516/imp-fast/module_bin/misc:/Users/riccardopellarin/imp-project/imp-060516/imp-fast/module_bin/modeller:/Users/riccardopellarin/imp-project/imp-060516/imp-fast/module_bin/mpi:/Users/riccardopellarin/imp-project/imp-060516/imp-fast/module_bin/multi_state:/Users/riccardopellarin/imp-project/imp-060516/imp-fast/module_bin/multifit:/Users/riccardopellarin/imp-project/imp-060516/imp-fast/module_bin/parallel:/Users/riccardopellarin/imp-project/imp-060516/imp-fast/module_bin/pepdock:/Users/riccardopellarin/imp-project/imp-060516/imp-fast/module_bin/pmi:/Users/riccardopellarin/imp-project/imp-060516/imp-fast/module_bin/rmf:/Users/riccardopellarin/imp-project/imp-060516/imp-fast/module_bin/rotamer:/Users/riccardopellarin/imp-project/imp-060516/imp-fast/module_bin/saxs:/Users/riccardopellarin/imp-project/imp-060516/imp-fast/module_bin/saxs_merge:/Users/riccardopellarin/imp-project/imp-060516/imp-fast/module_bin/score_functor:/Users/riccardopellarin/imp-project/imp-060516/imp-fast/module_bin/scratch:/Users/riccardopellarin/imp-project/imp-060516/imp-fast/module_bin/statistics:/Users/riccardopellarin/imp-project/imp-060516/imp-fast/module_bin/symmetry:/Users/riccardopellarin/imp-project/imp-060516/imp-fast/module_bin/test:/Users/riccardopellarin/imp-project/imp-060516/imp-fast/bin:/Users/riccardopellarin/imp-project/imp-060516/imp-fast/bin:/opt/local/bin:/opt/local/sbin:/sw/bin:/sw/lib:/opt/local/bin:/opt/local/sbin:/usr/local/bin:/usr/bin:/bin:/usr/sbin:/sbin:/opt/X11/bin:/usr/texbin', 'DISPLAY': '/private/tmp/com.apple.launchd.9fncad8m87/org.macosforge.xquartz:0', 'TERM_PROGRAM': 'Apple_Terminal', 'LANG': 'en_US.UTF-8', 'TERM': 'xterm-256color', 'Apple_PubSub_Socket_Render': '/private/tmp/com.apple.launchd.fXL7E2z1xM/Render', 'VERSIONER_PYTHON_VERSION': '2.7', 'SHLVL': '1', 'IMP_DATA': '/Users/riccardopellarin/imp-project/imp-060516/imp-fast/data', 'IMP_EXAMPLE_DATA': '/Users/riccardopellarin/imp-project/imp-060516/imp-fast/doc/examples', 'XPC_FLAGS': '0x0', 'IMP_TMP_DIR': '/Users/riccardopellarin/imp-project/imp-060516/imp-fast/tmp', 'HOME': '/Users/riccardopellarin', 'TERM_SESSION_ID': '391CE85B-5EAA-46F0-870F-01201B0D40A2', 'XPC_SERVICE_NAME': '0', 'PYTHONPATH': '/Users/riccardopellarin/imp-project/imp-060516/imp-fast/lib:/Users/riccardopellarin/imp-project/imp-060516/imp-fast/lib:', 'SSH_AUTH_SOCK': '/private/tmp/com.apple.launchd.2rQdentOmx/Listeners', 'DYLD_LIBRARY_PATH': '/Users/riccardopellarin/imp-project/imp-060516/imp-fast/lib:/Users/riccardopellarin/imp-project/imp-060516/imp-fast/lib:', 'SHELL': '/bin/bash', 'TMPDIR': '/var/folders/8x/b3_nk3_12858h5q_fcc3t3nm0000gn/T/', '__CF_USER_TEXT_ENCODING': '0x1F5:0x0:0x0', 'PWD': '/Users/riccardopellarin/imp-project/Complement/github/Complement/test'}"} 
{0: '9.20891863', 1: '0', 2: '0.0', 3: '0.0', 4: '0.6', 5: '0.2', 6: '0.2', 7: '0.0', 8: '0.1', 9: '0.1', 10: '0.3', 11: '0.3', 12: '1.50099163026', 13: '8.16680307097', 14: '0.386236035047', 15: 'output/rmfs//0.rmf3', 16: '0.0', 17: '0.0', 18: '0.00765252194758', 19: '0.0', 20: '18.6971738426', 21: '0.18478092448', 22: '0.1', 23: '1.60220918326', 24: '0.4', 25: '0.2', 26: '0.4', 27: '33.9467873419', 28: '0.381761014313', 29: '2.00683877361', 30: '0.0', 31: '0.345305740693', 32: '17.0953150915', 33: '0.333078975965', 34: '13.7830545469', 35: '0.408928427299', 36: '0.3', 37: '0.3', 38: '0.0450089376662', 39: '0.4', 40: '0.6', 41: '0.1', 42: '0.5', 43: '0.3', 44: '0.2', 45: '0.4', 46: '0.412093834882', 47: '1.11595488197', 48: '0.358955234453', 49: '10.4123758667', 50: '23.7056439338', 51: '10.3614723049', 52: -4.685441394616938, 53: '23.3507156507', 54: '0.384003842772', 55: '0.367365163549', 56: '1170.02706916', 57: '0.8', 58: '0.444020198474', 59: '0.352619445546', 60: '0.367294798385', 61: '0.435723337173', 62: '0.30054207171', 63: '12.9490981536', 64: '52.3001925806', 65: '0.893422661114', 66: '15.3137765739', 67: '0.6', 68: '0.3', 69: '0.4', 70: '0.4', 71: '0.3', 72: '0.2', 73: '0.4', 74: '0.4', 75: '0.4', 76: '0.5', 77: '2.01525746176', 78: '21.9998510987', 79: '0.0', 80: '1.56946447376', 81: '0.373488576205', 82: '0.0', 83: '10.2714804184', 84: '1.98498534562', 85: '0.3', 86: '0.2', 87: '0.4', 88: '0.4', 89: '0.5', 90: '0.4', 91: '0.3', 92: '0.6', 93: '0.5', 94: '0.7', 95: '5.43822281767', 96: '14.1908406193', 97: '12.9598718083', 98: '0.0', 99: '0.2', 100: '0.4', 101: '42.2291573122', 102: '17.9464174382', 103: '0.5', 104: '26.5426003037', 105: '0.0', 106: '14.4792505228', 107: '25.2324371413', 108: '8.9727677834', 109: '0.0', 110: '0.0', 111: '0.401196850217', 112: '0.3', 113: '0.4', 114: '0.4', 115: '0.2', 116: '0.5', 117: '0.0', 118: '30.475100887', 119: '0.1', 120: '17.820080602', 121: '12.4481365369', 122: '0.400417403831', 123: '16.7814840188', 124: '536.116210436', 125: '1.0', 126: '0.282267215128', 127: '0.5', 128: '15.6771782131', 129: '0.374256758144', 130: '536.116210436', 131: '21.4144731626', 132: '21.8063590184', 133: '0.0', 134: '54.0978860427', 135: '0.0', 136: '0.3', 137: '2.12552606092', 138: '24.8042840103', 139: '9.93025310211', 140: '29.7212893012', 141: '15.5475840619', 142: '0.363857839064', 143: '72.076090453', 144: '15.4911699255', 145: '0.0', 146: '13.7900910633', 147: '0.0', 148: '0.0', 149: '0.311132283626', 150: '11.1818321001', 151: 0.0, 152: '1.069141', 153: '0.5', 154: '18.8942167771', 155: '0.37137265911', 156: '44.915020473', 157: '0.367982265079', 158: '12.315519263', 159: '0.0', 160: '0', 161: '42.4419955384', 162: '0.0', 163: '0.327151502619', 164: '0.0', 165: '14.7596377402', 166: '14.034820591', 167: '4.71111191538', 168: '0.377060630318', 169: '46.5393862311', 170: '0.368440351573', 171: '43.0710261269', 172: 0, 173: '0.384375952171', 174: '0.0', 175: '16.4436363357', 176: '30.8153645284', 177: '0.473337660111', 178: '0.205040614391', 179: '0.0', 180: '0.369812458827', 181: '0.3', 182: '0.5', 183: '0.0', 184: '0.0', 185: '0.393900616274', 186: '0.283846481093', 187: '1.83293135482', 188: '0.359062971', 189: '0.329871738541', 190: '2.03369740522', 191: '0.0', 192: '1.49229079255', 193: '2.30530810502', 194: '5.28029622118', 195: '0.319191930751', 196: '0.434033120842', 197: '0.2', 198: '0.0', 199: '0.752802255837', 200: '0.3', 201: '0.5', 202: '0.5', 203: '0.7', 204: '0.2', 205: '0.0', 206: '0.1', 207: '0.5', 208: '0.368154977717', 209: '0.1', 210: '0.3', 211: '15.4539589855', 212: '8.33144426281', 213: '0.165838849442', 214: '535.950371587', 215: '37.0228282408', 216: '0.0', 217: '1.89122135232', 218: '0.540805156647', 219: '0.1', 220: '21.1026736629', 221: '12.3500347586', 222: '0.397279093105', 223: '20.6259145753', 224: '13.8518012162', 225: '0.2', 226: '0.3', 227: '13.8727627122', 228: '0.317789330149', 229: '0.2', 230: '0.1', 231: '0.3', 232: '0.8', 233: '0.3', 234: '0.1', 235: '0.3', 236: '0.1', 237: '0.0', 238: '9.76872497026', 239: '2.00896715587', 240: '0.326257072286', 241: '12.8563422851', 242: '13.8976098656', 243: '17.1732597301', 244: '2.10754912629', 245: '54.2638921471', 246: '43.3331474122', 247: '0.517843254227', 248: '0.312778695545', 249: '79.353596021', 250: '0.0', 251: '40.4496070113', 252: '35.2549673925', 253: '0.0', 254: '0.5', 255: '0.3', 256: '2.3780831607', 257: '0.4', 258: '0.5', 259: '0.9', 260: '0.6', 261: '0.4', 262: '0.5', 263: '0.3', 264: '0.5', 265: '0.3', 266: '0.0', 267: '0.5', 268: '1.98899202765', 269: '0.0', 270: '0.2', 271: '0.7', 272: '0.7', 273: '0.6', 274: '0.5', 275: '24.1469170315', 276: '0.2', 277: '7.10778187939', 278: '0.0', 279: '17.0360588744', 280: '0.0', 281: '0.0', 282: '40.0608949831', 283: '20.4568867925', 284: '0.0', 285: '10.0407485625', 286: '14.4024323288', 287: '13.4393586148', 288: '0', 289: '0.145355828379', 290: '0.0', 291: '0.416435991343', 292: '0.407665058937', 293: '0.0', 294: '9.67928193691', 295: '0.358027675768', 296: '0', 297: '2.0499410628', 298: '0.321553439216', 299: '0.0', 300: '0.948470676039', 301: '0.0', 302: '0.0', 303: '32.8691214472', 304: '0.0', 305: '65.4496089153', 306: '1.0', 307: '11.5841487776', 308: '0.418406420687', 309: '16.9272772088', 310: '13.86907248', 311: '0.399824841661', 312: '2.12718612196', 313: '0.0', 314: '16.6637956581', 315: '0.333588011584', 316: '1.7684550641', 317: '0.353945618285', 318: '0.0', 319: '0.0', 320: '0.384940093536', 321: '29.8034275452', 322: '0.0', 323: '8.83250772321', 324: '0.1', 325: '0.707823787513', 326: '0.341282573917', 327: 0.0, 328: '0.0', 329: '0.352964600503', 330: '0.0', 331: '0.0', 332: '0.0', 333: '18.2629581965', 334: '0.0', 335: '0.5', 336: '0.27657537207', 337: '0.382602018655', 338: '0.3', 339: '0.396102209498', 340: '15.2296761396', 341: '0.80909060731', 342: '2.01787867461', 343: '0.215326069446'} 
